// Jest Snapshot v1, https://goo.gl/fbAQLP

exports[`<Stars/> should render Stars component 1`] = `
<div>
  <div
    class="container-numbers"
  >
    <div
      class="container-star"
    >
      <input
        class="visually-hidden"
        id="star-0"
        type="checkbox"
        value="1"
      />
      <label
        class=""
        for="star-0"
      >
        1
      </label>
      <div
        class="star"
      />
    </div>
    <div
      class="container-star"
    >
      <input
        class="visually-hidden"
        id="star-1"
        type="checkbox"
        value="2"
      />
      <label
        class=""
        for="star-1"
      >
        2
      </label>
      <div
        class="star"
      />
    </div>
    <div
      class="container-star"
    >
      <input
        class="visually-hidden"
        id="star-2"
        type="checkbox"
        value="3"
      />
      <label
        class=""
        for="star-2"
      >
        3
      </label>
      <div
        class="star"
      />
    </div>
    <div
      class="container-star"
    >
      <input
        class="visually-hidden"
        id="star-3"
        type="checkbox"
        value="4"
      />
      <label
        class=""
        for="star-3"
      >
        4
      </label>
      <div
        class="star"
      />
    </div>
    <div
      class="container-star"
    >
      <input
        class="visually-hidden"
        id="star-4"
        type="checkbox"
        value="5"
      />
      <label
        class=""
        for="star-4"
      >
        5
      </label>
      <div
        class="star"
      />
    </div>
    <div
      class="container-star"
    >
      <input
        class="visually-hidden"
        id="star-5"
        type="checkbox"
        value="6"
      />
      <label
        class=""
        for="star-5"
      >
        6
      </label>
      <div
        class="star"
      />
    </div>
    <div
      class="container-star"
    >
      <input
        class="visually-hidden"
        id="star-6"
        type="checkbox"
        value="7"
      />
      <label
        class=""
        for="star-6"
      >
        7
      </label>
      <div
        class="star"
      />
    </div>
    <div
      class="container-star"
    >
      <input
        class="visually-hidden"
        id="star-7"
        type="checkbox"
        value="8"
      />
      <label
        class=""
        for="star-7"
      >
        8
      </label>
      <div
        class="star"
      />
    </div>
    <div
      class="container-star"
    >
      <input
        class="visually-hidden"
        id="star-8"
        type="checkbox"
        value="9"
      />
      <label
        class=""
        for="star-8"
      >
        9
      </label>
      <div
        class="star"
      />
    </div>
    <div
      class="container-star"
    >
      <input
        class="visually-hidden"
        id="star-9"
        type="checkbox"
        value="10"
      />
      <label
        class="big"
        for="star-9"
      >
        10
      </label>
      <div
        class="star"
      />
    </div>
    <div
      class="container-star"
    >
      <input
        class="visually-hidden"
        id="star-10"
        type="checkbox"
        value="11"
      />
      <label
        class="big"
        for="star-10"
      >
        11
      </label>
      <div
        class="star"
      />
    </div>
    <div
      class="container-star"
    >
      <input
        class="visually-hidden"
        id="star-11"
        type="checkbox"
        value="12"
      />
      <label
        class="big"
        for="star-11"
      >
        12
      </label>
      <div
        class="star"
      />
    </div>
  </div>
</div>
`;
